// Jest Snapshot v1, https://goo.gl/fbAQLP

exports[`<Apply /> should render correctly 1`] = `
<div>
  <div>
    <main
      class="main_container"
    >
      <div
        class="Toastify"
      />
      <nav
        class="navbar navbar-fixed-top main-navigation"
        id="fixedTopNav"
        itemtype="https://schema.org/SiteNavigationElement"
        role="navigation"
      >
        <div
          class="container"
        >
          <div
            class="navbar-header"
          >
            <button
              aria-expanded="false"
              class="navbar-toggle collapsed"
              type="button"
            >
               
              <span
                class="sr-only"
              >
                #VetsWhoCode
              </span>
               
              <span
                class="ion-drag"
              />
            </button>
            <div
              class="navbar-brand"
              itemtype="https://schema.org/Organization"
            >
               
              <span
                class="sr-only"
              >
                #VetsWhoCode
              </span>
              <a
                aria-current="page"
                class=""
                href="/"
              >
                <img
                  alt="#VetsWhoCode Logo"
                  class="logo_holder"
                  src="image-mock"
                />
              </a>
            </div>
          </div>
          <div
            aria-expanded="false"
            class="navbar-collapse collapse "
            id="main-nav-collapse"
          >
            <ul
              class="nav navbar-nav navbar-right"
              role="menu"
            >
              <li>
                 
                <a
                  aria-current="page"
                  class=""
                  href="/"
                >
                  <span>
                    Home
                  </span>
                </a>
              </li>
              <li>
                 
                <a
                  href="/about"
                >
                  <span>
                    About
                  </span>
                </a>
              </li>
              <li>
                 
                <a
                  href="/syllabus"
                >
                  <span>
                    Syllabus
                  </span>
                </a>
              </li>
              <li>
                 
                <a
                  href="/mentor"
                >
                  <span>
                    Mentor
                  </span>
                </a>
              </li>
              <li>
                 
                <a
                  href="/apply"
                >
                  <span>
                    Apply
                  </span>
                </a>
              </li>
              <li>
                 
                <a
                  href="/donate"
                >
                  <span>
                    Donate
                  </span>
                </a>
              </li>
              <li>
                 
                <a
                  href="/contact"
                >
                  <span>
                    Contact Us
                  </span>
                </a>
              </li>
              <li>
                 
                <a
                  href="https://medium.com/vets-who-code"
                  rel="noopener noreferrer"
                  target="_blank"
                  without="true"
                >
                  <span>
                    Blog
                  </span>
                </a>
              </li>
            </ul>
          </div>
        </div>
      </nav>
      <header
        class="inner-header overlay grey text-center slim-bg "
        style="background-image: url(image-mock); background-position-y: bottom;"
      >
        <div
          class="overlay-01"
        />
        <div
          class="container"
        >
          <h2
            class="text-center text-uppercase"
          >
            Apply
          </h2>
          <div
            class="breadcrumb"
          >
            gatsby-link
            <span>
              /
            </span>
            gatsby-link
          </div>
        </div>
      </header>
      <section
        class="pad-regular section bg-default"
        id="contact"
      >
        <div
          class="container"
        >
          <div
            class="row"
          >
            <div
              class="col-xs-12"
            >
              <div
                class="contactus-brief"
              >
                <h3>
                  Apply
                </h3>
                <p
                  class="section-description"
                >
                  Thank you for choosing to apply to Vets Who Code. We work really hard to train our veterans and to maintain an inclusive enviroment so our troops can truly thrive. Please fill out the form below and we will contact you soon.
                </p>
                <form
                  action="#"
                  id="s2do-form"
                >
                  <div
                    class="col-md-8"
                  >
                    <div
                      class="form-group"
                    >
                      <label
                        class="dark-text"
                        for="name"
                      >
                        Name
                        <sup>
                          *
                        </sup>
                      </label>
                      <input
                        class="form-control input-lg"
                        id="name"
                        name="name"
                        placeholder="Name"
                        required=""
                        type="text"
                        value=""
                      />
                    </div>
                  </div>
                  <div
                    class="col-md-8"
                  >
                    <div
                      class="form-group"
                    >
                      <label
                        class="dark-text"
                        for="InputEmail"
                      >
                        Email
                        <sup>
                          *
                        </sup>
                      </label>
                      <input
                        class="form-control input-lg"
                        id="InputEmail"
                        name="email"
                        placeholder="Email"
                        required=""
                        type="email"
                        value=""
                      />
                    </div>
                  </div>
                  <div
                    class="col-md-8"
                  >
                    <div
                      class="form-group"
                    >
                      <label
                        class="dark-text"
                        for="InputService"
                      >
                        Military Branch Of Service
                        <sup>
                          *
                        </sup>
                      </label>
                      <input
                        class="form-control input-lg"
                        id="InputService"
                        name="branch-of-service"
                        placeholder="Thank you for your service"
                        required=""
                        type="text"
                        value=""
                      />
                    </div>
                  </div>
                  <div
                    class="col-md-8"
                  >
                    <div
                      class="form-group"
                    >
                      <label
                        class="dark-text"
                        for="Experience"
                      >
                        Experience
                        <sup>
                          *
                        </sup>
                      </label>
                      <input
                        class="form-control input-lg"
                        id="Experience"
                        name="experience"
                        placeholder="Do you program and if so for how long?"
                        required=""
                        type="text"
                        value=""
                      />
                    </div>
                  </div>
                  <div
                    class="col-md-8"
                  >
                    <div
                      class="form-group"
                    >
                      <label
                        class="dark-text"
                        for="InputPortfolio"
                      >
                        Github, Portfolio or Linkedin
                        <sup>
                          *
                        </sup>
                      </label>
                      <input
                        class="form-control input-lg"
                        id="InputPortfolio"
                        name="github-portfolio-or-linkedin"
                        placeholder="Share your work"
                        required=""
                        type="text"
                        value=""
                      />
                    </div>
                  </div>
                  <div
                    class="col-md-8"
                  >
                    <div
                      class="form-group"
                    >
                      <label
                        class="dark-text"
                        for="InputLocation"
                      >
                        Location ( City and State )
                        <sup>
                          *
                        </sup>
                      </label>
                      <input
                        class="form-control input-lg"
                        id="InputLocation"
                        name="location"
                        placeholder="Location"
                        required=""
                        type="text"
                        value=""
                      />
                    </div>
                  </div>
                  <div
                    class="col-md-8"
                  >
                    <div
                      class="form-group"
                    >
                      <label
                        class="dark-text"
                        for="InputMRE"
                      >
                        Favorite MRE?
                        <sup>
                          *
                        </sup>
                      </label>
                      <input
                        class="form-control input-lg"
                        id="InputMRE"
                        name="favorite-mre"
                        placeholder="Chilli Mac?"
                        required=""
                        type="text"
                        value=""
                      />
                    </div>
                  </div>
                  <div
                    class="col-md-8"
                  >
                    <div
                      class="form-group"
                    >
                      <label
                        class="dark-text"
                        for="InputInterviewStory"
                      >
                        Tell Us About Yourself
                      </label>
                      <textarea
                        class="form-control"
                        id="InputInterviewStory"
                        name="tell-us-about-yourself"
                        placeholder="Here we focus on aptitude and impact, so tell  us about yourself and why you want to join #VetsWhoCode?"
                        rows="7"
                      />
                    </div>
                  </div>
                  <div
                    class="col-md-8"
                  >
                    <div
                      class="form-group"
                    >
                      <input
                        class="btn btn-charity-default"
                        href="#"
                        name="submit"
                        title=""
                        type="submit"
                        value="submit"
                      />
                    </div>
                  </div>
                </form>
              </div>
            </div>
          </div>
        </div>
      </section>
      gatsby-link
      <div>
        <section
          class="footer-widgets pad-extra"
        >
          <div
            class="container"
          >
            <div
              class="row"
            >
              <div
                class="col-md-4"
              >
                <div
                  class="widgets-content footer-widget-wrap"
                >
                  <h3
                    class="widgets-title"
                  >
                    About #VetsWhoCode
                  </h3>
                  <p>
                    FRAGO, doing business as #VetsWhoCode, is an exempt organization as described in Section 501(c)(3) of the Internal Revenue Code. Our EIN is 47-3555231.
                  </p>
                  <div
                    class="footer-social"
                  >
                    <a
                      aria-label="Facebook"
                      href="http://bit.ly/vetswhocode-fb"
                    >
                      <i
                        class="fa fa-facebook-f"
                      />
                    </a>
                    <a
                      aria-label="Twitter"
                      href="http://bit.ly/vets-who-code-twitter"
                    >
                      <i
                        class="fa fa-twitter"
                      />
                    </a>
                    <a
                      aria-label="Codepen"
                      href="http://bit.ly/2omsjdX"
                    >
                      <i
                        class="fa fa-codepen"
                      />
                    </a>
                    <a
                      aria-label="Instagram"
                      href="https://bit.ly/2sJ6W9f"
                    >
                      <i
                        class="fa fa-instagram"
                      />
                    </a>
                    <a
                      aria-label="Linkedin"
                      href="https://bit.ly/2sFKi1u"
                    >
                      <i
                        class="fa fa-linkedin"
                      />
                    </a>
                    <a
                      aria-label="Github"
                      href="http://bit.ly/vwc-github"
                    >
                      <i
                        class="fa fa-github"
                      />
                    </a>
                  </div>
                </div>
              </div>
              <div
                class="col-md-4"
              >
                <div
                  class="footer-widget-wrap"
                >
                  <div
                    class="row"
                  >
                    <div
                      class="col-md-11 col-md-offset-1"
                    >
                      <h3
                        class="widgets-title"
                      >
                        Site Map
                      </h3>
                    </div>
                    <div
                      class="col-md-5 col-md-offset-1"
                    >
                      <div
                        class="widgets-content"
                      >
                        <ul
                          class="widgets-list"
                        >
                          <li>
                            <a
                              aria-current="page"
                              class=""
                              href="/"
                            >
                              Home
                            </a>
                          </li>
                          <li>
                            <a
                              href="/about"
                            >
                              About
                            </a>
                          </li>
                          <li>
                            <a
                              href="/syllabus"
                            >
                              Syllabus
                            </a>
                          </li>
                          <li>
                            <a
                              href="/mentor"
                            >
                              Mentor
                            </a>
                          </li>
                        </ul>
                      </div>
                    </div>
                    <div
                      class="col-md-6"
                    >
                      <div
                        class="widgets-content"
                      >
                        <ul
                          class="widgets-list"
                        >
                          <li>
                            <a
                              href="/apply"
                            >
                              Apply
                            </a>
                          </li>
                          <li>
                            <a
                              href="/donate"
                            >
                              Donate
                            </a>
                          </li>
                          <li>
                            <a
                              href="/contact"
                            >
                              Contact Us
                            </a>
                          </li>
                          <li>
                            <a
                              href="https://medium.com/vets-who-code"
                              rel="noopener noreferrer"
                              target="_blank"
                            >
                              <span>
                                Blog
                              </span>
                            </a>
                          </li>
                        </ul>
                      </div>
                    </div>
                  </div>
                </div>
              </div>
              <div
                class="col-md-4"
              >
                <div
                  class="widgets-content"
                >
                  <h3
                    class="widgets-title"
                  >
                    Contact Us
                  </h3>
                  <div
                    class="office map"
                  >
                    <p>
                      <span>
                        Hi, if you have any questions, please drop us a line.
                      </span>
                      <br />
                      Email: hello@vetswhocode.io
                      <br />
                      Phone: (917) 960-3806
                    </p>
                  </div>
                </div>
              </div>
            </div>
          </div>
        </section>
        <footer
          class="section footer"
          id="footer"
        >
          <div
            class="container"
          >
            <div
              class="row"
            >
              <div
                class="col-md-6 col-sm-6"
              >
                <p
                  class="copyright"
                >
                  <span
                    class="fa fa-copyright"
                  />
                   #VetsWhoCode
                </p>
              </div>
              <div
                class="col-md-6 col-sm-6"
              >
                <ul
                  class="footer-menu"
                >
                  <li>
                    Made with 
                    <span
                      class="fa fa-heart red"
                    />
                     By #VetsWhoCode.
                  </li>
                </ul>
              </div>
            </div>
          </div>
        </footer>
      </div>
    </main>
  </div>
</div>
`;
