// Jest Snapshot v1, https://goo.gl/fbAQLP

exports[`<Contact /> should render correctly 1`] = `
<div>
  <main
    class="main_container"
  >
    <nav
      class="navbar navbar-fixed-top main-navigation"
      id="fixedTopNav"
      itemtype="https://schema.org/SiteNavigationElement"
      role="navigation"
    >
      <div
        class="container"
      >
        <div
          class="navbar-header"
        >
          <button
            aria-expanded="false"
            class="navbar-toggle collapsed"
            data-target="#main-nav-collapse"
            data-toggle="collapse"
            type="button"
          >
             
            <span
              class="sr-only"
            >
              #VetsWhoCode
            </span>
             
            <span
              class="ion-drag"
            />
          </button>
          <div
            class="navbar-brand"
            itemtype="https://schema.org/Organization"
          >
             
            <span
              class="sr-only"
            >
              #VetsWhoCode
            </span>
            <a
              aria-current="page"
              class=""
              href="/"
            >
              <img
                alt="#VetsWhoCode Logo"
                class="logo_holder"
                src="image-mock"
              />
            </a>
          </div>
        </div>
        <div
          aria-expanded="false"
          class="navbar-collapse collapse"
          id="main-nav-collapse"
          style="height: 1px;"
        >
          <ul
            class="nav navbar-nav navbar-right"
            role="menu"
          >
            <li>
               
              <a
                aria-current="page"
                class=""
                href="/"
              >
                <span>
                  Home
                </span>
              </a>
            </li>
            <li>
               
              <a
                href="/about"
              >
                <span>
                  About
                </span>
              </a>
            </li>
            <li>
               
              <a
                href="/syllabus"
              >
                <span>
                  Syllabus
                </span>
              </a>
            </li>
            <li>
               
              <a
                href="/mentor"
              >
                <span>
                  Mentor
                </span>
              </a>
            </li>
            <li>
               
              <a
                href="/apply"
              >
                <span>
                  Apply
                </span>
              </a>
            </li>
            <li>
               
              <a
                href="/donate"
              >
                <span>
                  Donate
                </span>
              </a>
            </li>
            <li>
               
              <a
                href="/contact"
              >
                <span>
                  Contact Us
                </span>
              </a>
            </li>
            <li>
               
              <a
                href="https://medium.com/vets-who-code"
                rel="noopener noreferrer"
                target="_blank"
                without="true"
              >
                <span>
                  Blog
                </span>
              </a>
            </li>
          </ul>
        </div>
      </div>
    </nav>
    <header
      class="inner-header overlay grey text-center slim-bg "
      style="background-image: url(image-mock); background-position-y: bottom;"
    >
      <div
        class="overlay-01"
      />
      <div
        class="container"
      >
        <h2
          class="text-center text-uppercase"
        >
          Contact Us
        </h2>
        <div
          class="breadcrumb"
        >
          gatsby-link
          <span>
            /
          </span>
          gatsby-link
        </div>
      </div>
    </header>
    <section
      class="pad-regular section bg-default"
      id="contact"
    >
      <div
        class="container"
      >
        <div
          class="row"
        >
          <div
            class="col-xs-12"
          >
            <div
              class="contactus-brief"
            >
              <h3>
                Contact us
              </h3>
              <p
                class="section-description"
              >
                Fill out the from below and someone will contact you within 24 hours. Can't wait to hear from you!
              </p>
            </div>
          </div>
        </div>
        <div
          class="row"
        >
          <div
            class="col-md-12 clearfix"
          >
            <div
              class="map-default-height"
              id="map-canvas"
            />
          </div>
        </div>
      </div>
    </section>
    <section
      class="section bg-default default-section-padding"
      id="contact-form"
    >
      <div
        class="container"
      >
        <div
          class="row"
        >
          <div
            class="contact-form"
          >
            <form
              id="s2do-form"
            >
              <div
                class="col-md-4"
              >
                <div
                  class="form-group"
                >
                  <label
                    class="dark-text"
                    for="InputName"
                  >
                    Your Display Name
                    <sup>
                      *
                    </sup>
                  </label>
                  <input
                    class="form-control form-control-dark"
                    id="InputName"
                    name="name"
                    placeholder="Jody"
                    required=""
                    type="text"
                    value=""
                  />
                </div>
              </div>
              <div
                class="col-md-4"
              >
                <div
                  class="form-group"
                >
                  <label
                    class="dark-text"
                    for="InputEmail"
                  >
                    Your Email Address
                    <sup>
                      *
                    </sup>
                  </label>
                  <input
                    class="form-control form-control-dark"
                    id="InputEmail"
                    name="email"
                    placeholder="jody@example.com"
                    required=""
                    type="email"
                    value=""
                  />
                </div>
              </div>
              <div
                class="col-md-4"
              >
                <div
                  class="form-group"
                >
                  <label
                    class="dark-text"
                    for="InputPhoneNumber"
                  >
                    Your Phone Number
                  </label>
                  <input
                    class="form-control form-control-dark"
                    id="InputPhoneNumber"
                    name="phone"
                    placeholder="123-456-789"
                    type="number"
                    value=""
                  />
                </div>
              </div>
              <div
                class="col-sm-12"
              >
                <div
                  class="form-group"
                >
                  <label
                    class="dark-text"
                    for="message"
                  >
                    Your Message
                    <sup>
                      *
                    </sup>
                  </label>
                  <textarea
                    class="form-control form-control-dark"
                    id="message"
                    name="message"
                    placeholder="Your Message Here.."
                    required=""
                    rows="3"
                  />
                </div>
                <input
                  class="btn btn-charity-default"
                  href="#"
                  id="cfsubmit"
                  name="submit"
                  title=""
                  type="submit"
                  value="SEND MESSAGE"
                />
              </div>
            </form>
          </div>
        </div>
      </div>
    </section>
    gatsby-link
    <div>
      <section
        class="footer-widgets pad-extra"
      >
        <div
          class="container"
        >
          <div
            class="row"
          >
            <div
              class="col-md-4"
            >
              <div
                class="widgets-content footer-widget-wrap"
              >
                <h3
                  class="widgets-title"
                >
                  About #VetsWhoCode
                </h3>
                <p>
                  FRAGO, doing business as #VetsWhoCode, is an exempt organization as described in Section 501(c)(3) of the Internal Revenue Code. Our EIN is 47-3555231.
                </p>
                <div
                  class="footer-social"
                >
                  <a
                    aria-label="Facebook"
                    href="http://bit.ly/vetswhocode-fb"
                  >
                    <i
                      class="fa fa-facebook-f"
                    />
                  </a>
                  <a
                    aria-label="Twitter"
                    href="http://bit.ly/vets-who-code-twitter"
                  >
                    <i
                      class="fa fa-twitter"
                    />
                  </a>
                  <a
                    aria-label="Codepen"
                    href="http://bit.ly/2omsjdX"
                  >
                    <i
                      class="fa fa-codepen"
                    />
                  </a>
                  <a
                    aria-label="Instagram"
                    href="https://bit.ly/2sJ6W9f"
                  >
                    <i
                      class="fa fa-instagram"
                    />
                  </a>
                  <a
                    aria-label="Linkedin"
                    href="https://bit.ly/2sFKi1u"
                  >
                    <i
                      class="fa fa-linkedin"
                    />
                  </a>
                  <a
                    aria-label="Github"
                    href="http://bit.ly/vwc-github"
                  >
                    <i
                      class="fa fa-github"
                    />
                  </a>
                </div>
              </div>
            </div>
            <div
              class="col-md-4"
            >
              <div
                class="footer-widget-wrap"
              >
                <div
                  class="row"
                >
                  <div
                    class="col-md-11 col-md-offset-1"
                  >
                    <h3
                      class="widgets-title"
                    >
                      Site Map
                    </h3>
                  </div>
                  <div
                    class="col-md-5 col-md-offset-1"
                  >
                    <div
                      class="widgets-content"
                    >
                      <ul
                        class="widgets-list"
                      >
                        <li>
                          <a
                            aria-current="page"
                            class=""
                            href="/"
                          >
                            Home
                          </a>
                        </li>
                        <li>
                          <a
                            href="/about"
                          >
                            About
                          </a>
                        </li>
                        <li>
                          <a
                            href="/syllabus"
                          >
                            Syllabus
                          </a>
                        </li>
                        <li>
                          <a
                            href="/mentor"
                          >
                            Mentor
                          </a>
                        </li>
                      </ul>
                    </div>
                  </div>
                  <div
                    class="col-md-6"
                  >
                    <div
                      class="widgets-content"
                    >
                      <ul
                        class="widgets-list"
                      >
                        <li>
                          <a
                            href="/apply"
                          >
                            Apply
                          </a>
                        </li>
                        <li>
                          <a
                            href="/donate"
                          >
                            Donate
                          </a>
                        </li>
                        <li>
                          <a
                            href="/contact"
                          >
                            Contact Us
                          </a>
                        </li>
                        <li>
                          <a
                            href="https://medium.com/vets-who-code"
                            rel="noopener noreferrer"
                            target="_blank"
                          >
                            <span>
                              Blog
                            </span>
                          </a>
                        </li>
                      </ul>
                    </div>
                  </div>
                </div>
              </div>
            </div>
            <div
              class="col-md-4"
            >
              <div
                class="widgets-content"
              >
                <h3
                  class="widgets-title"
                >
                  Contact Us
                </h3>
                <div
                  class="office map"
                >
                  <p>
                    <span>
                      Hi, if you have any questions, please drop us a line.
                    </span>
                    <br />
                    Email: hello@vetswhocode.io
                    <br />
                    Phone: (917) 960-3806
                  </p>
                </div>
              </div>
            </div>
          </div>
        </div>
      </section>
      <footer
        class="section footer"
        id="footer"
      >
        <div
          class="container"
        >
          <div
            class="row"
          >
            <div
              class="col-md-6 col-sm-6"
            >
              <p
                class="copyright"
              >
                <span
                  class="fa fa-copyright"
                />
                 #VetsWhoCode
              </p>
            </div>
            <div
              class="col-md-6 col-sm-6"
            >
              <ul
                class="footer-menu"
              >
                <li>
                  Made with 
                  <span
                    class="fa fa-heart red"
                  />
                   By #VetsWhoCode.
                </li>
              </ul>
            </div>
          </div>
        </div>
      </footer>
    </div>
  </main>
</div>
`;
