// Jest Snapshot v1, https://goo.gl/fbAQLP

exports[`<Syllabus /> should render correctly 1`] = `
<div>
  <main
    class="main_container"
  >
    <div
      class="Toastify"
    />
    <nav
      class="navbar navbar-fixed-top main-navigation"
      id="fixedTopNav"
      itemtype="https://schema.org/SiteNavigationElement"
      role="navigation"
    >
      <div
        class="container"
      >
        <div
          class="navbar-header"
        >
          <button
            aria-expanded="false"
            class="navbar-toggle collapsed"
            type="button"
          >
             
            <span
              class="sr-only"
            >
              #VetsWhoCode
            </span>
             
            <span
              class="ion-drag"
            />
          </button>
          <div
            class="navbar-brand"
            itemtype="https://schema.org/Organization"
          >
             
            <span
              class="sr-only"
            >
              #VetsWhoCode
            </span>
            <a
              aria-current="page"
              class=""
              href="/"
            >
              <img
                alt="#VetsWhoCode Logo"
                class="logo_holder"
                src="image-mock"
              />
            </a>
          </div>
        </div>
        <div
          aria-expanded="false"
          class="navbar-collapse collapse "
          id="main-nav-collapse"
        >
          <ul
            class="nav navbar-nav navbar-right"
            role="menu"
          >
            <li>
               
              <a
                aria-current="page"
                class=""
                href="/"
              >
                <span>
                  Home
                </span>
              </a>
            </li>
            <li>
               
              <a
                href="/about"
              >
                <span>
                  About
                </span>
              </a>
            </li>
            <li>
               
              <a
                href="/syllabus"
              >
                <span>
                  Syllabus
                </span>
              </a>
            </li>
            <li>
               
              <a
                href="/mentor"
              >
                <span>
                  Mentor
                </span>
              </a>
            </li>
            <li>
               
              <a
                href="/apply"
              >
                <span>
                  Apply
                </span>
              </a>
            </li>
            <li>
               
              <a
                href="/donate"
              >
                <span>
                  Donate
                </span>
              </a>
            </li>
            <li>
               
              <a
                href="/contact"
              >
                <span>
                  Contact Us
                </span>
              </a>
            </li>
            <li>
               
              <a
                href="https://medium.com/vets-who-code"
                rel="noopener noreferrer"
                target="_blank"
                without="true"
              >
                <span>
                  Blog
                </span>
              </a>
            </li>
          </ul>
        </div>
      </div>
    </nav>
    <header
      class="inner-header overlay grey text-center slim-bg "
      style="background-image: url(image-mock); background-position-y: bottom;"
    >
      <div
        class="overlay-01"
      />
      <div
        class="container"
      >
        <h2
          class="text-center text-uppercase"
        >
          Syllabus
        </h2>
        <div
          class="breadcrumb"
        >
          gatsby-link
          <span>
            /
          </span>
          gatsby-link
        </div>
      </div>
    </header>
    <section
      class="faq section pad-regular bg-default"
      id="faq"
    >
      <div
        class="container"
      >
        <div
          class="row"
        >
          <div
            class="col-md-12"
          >
            <div
              class="faq-short-brief"
            >
              <h2>
                #VetsWhoCode Syllabus
              </h2>
              <p>
                Our curriculum is designed using the Agile Methodology with four-day sprints dedicated to the subject. We do it in this manner based on the practice of how veterans "Train How You Fight" in the military, so they should train how they would work in a real software company. The primary language we will focus on is JavaScript, due to its popularity in the job market, ease of transition between Computer Science topics and real world application, and the scope of industries we can introduce our veterans to, all while keeping language proficiency at the forefront of the program. This way we can introduce Data Visualization, Data Science, Cyber Security, and Internet of Things(IoT) to our veterans, while continuing to have our troops grow in the area of JavaScript.
              </p>
            </div>
          </div>
          <div
            class="col-md-12"
          >
            <div
              aria-multiselectable="true"
              class="panel-group faq_list"
              id="syllabus"
              role="tablist"
            >
              <div
                class="panel panel-default "
              >
                <div
                  class="panel-heading"
                  id="heading0"
                  role="tab"
                >
                  <h4
                    class="panel-title"
                  >
                    <a
                      aria-controls="collapse0"
                      aria-expanded="false"
                      class="collapsed"
                      data-parent="#syllabus"
                      data-toggle="collapse"
                      role="button"
                    >
                      <div>
                        Week 1: Set Up and Prep
                      </div>
                      <i
                        class="accordions-derective-icon pull-right
                  fa fa-plus
                "
                      />
                    </a>
                  </h4>
                </div>
                <div
                  aria-hidden="true"
                  aria-labelledby="heading0"
                  role="tabpanel"
                  style="padding: 0px 15px;"
                />
              </div>
              <div
                class="panel panel-default "
              >
                <div
                  class="panel-heading"
                  id="heading1"
                  role="tab"
                >
                  <h4
                    class="panel-title"
                  >
                    <a
                      aria-controls="collapse1"
                      aria-expanded="false"
                      class="collapsed"
                      data-parent="#syllabus"
                      data-toggle="collapse"
                      role="button"
                    >
                      <div>
                        Week 2: The Web, Git and HTML
                      </div>
                      <i
                        class="accordions-derective-icon pull-right
                  fa fa-plus
                "
                      />
                    </a>
                  </h4>
                </div>
                <div
                  aria-hidden="true"
                  aria-labelledby="heading1"
                  role="tabpanel"
                  style="padding: 0px 15px;"
                />
              </div>
              <div
                class="panel panel-default "
              >
                <div
                  class="panel-heading"
                  id="heading2"
                  role="tab"
                >
                  <h4
                    class="panel-title"
                  >
                    <a
                      aria-controls="collapse2"
                      aria-expanded="false"
                      class="collapsed"
                      data-parent="#syllabus"
                      data-toggle="collapse"
                      role="button"
                    >
                      <div>
                        Week 3: Basics of CSS
                      </div>
                      <i
                        class="accordions-derective-icon pull-right
                  fa fa-plus
                "
                      />
                    </a>
                  </h4>
                </div>
                <div
                  aria-hidden="true"
                  aria-labelledby="heading2"
                  role="tabpanel"
                  style="padding: 0px 15px;"
                />
              </div>
              <div
                class="panel panel-default "
              >
                <div
                  class="panel-heading"
                  id="heading3"
                  role="tab"
                >
                  <h4
                    class="panel-title"
                  >
                    <a
                      aria-controls="collapse3"
                      aria-expanded="false"
                      class="collapsed"
                      data-parent="#syllabus"
                      data-toggle="collapse"
                      role="button"
                    >
                      <div>
                        Week 4: Advanced CSS
                      </div>
                      <i
                        class="accordions-derective-icon pull-right
                  fa fa-plus
                "
                      />
                    </a>
                  </h4>
                </div>
                <div
                  aria-hidden="true"
                  aria-labelledby="heading3"
                  role="tabpanel"
                  style="padding: 0px 15px;"
                />
              </div>
              <div
                class="panel panel-default "
              >
                <div
                  class="panel-heading"
                  id="heading4"
                  role="tab"
                >
                  <h4
                    class="panel-title"
                  >
                    <a
                      aria-controls="collapse4"
                      aria-expanded="false"
                      class="collapsed"
                      data-parent="#syllabus"
                      data-toggle="collapse"
                      role="button"
                    >
                      <div>
                        Week 5: JavaScript Basics
                      </div>
                      <i
                        class="accordions-derective-icon pull-right
                  fa fa-plus
                "
                      />
                    </a>
                  </h4>
                </div>
                <div
                  aria-hidden="true"
                  aria-labelledby="heading4"
                  role="tabpanel"
                  style="padding: 0px 15px;"
                />
              </div>
              <div
                class="panel panel-default "
              >
                <div
                  class="panel-heading"
                  id="heading5"
                  role="tab"
                >
                  <h4
                    class="panel-title"
                  >
                    <a
                      aria-controls="collapse5"
                      aria-expanded="false"
                      class="collapsed"
                      data-parent="#syllabus"
                      data-toggle="collapse"
                      role="button"
                    >
                      <div>
                        Week 6: Computer Science With Javascript
                      </div>
                      <i
                        class="accordions-derective-icon pull-right
                  fa fa-plus
                "
                      />
                    </a>
                  </h4>
                </div>
                <div
                  aria-hidden="true"
                  aria-labelledby="heading5"
                  role="tabpanel"
                  style="padding: 0px 15px;"
                />
              </div>
              <div
                class="panel panel-default "
              >
                <div
                  class="panel-heading"
                  id="heading6"
                  role="tab"
                >
                  <h4
                    class="panel-title"
                  >
                    <a
                      aria-controls="collapse6"
                      aria-expanded="false"
                      class="collapsed"
                      data-parent="#syllabus"
                      data-toggle="collapse"
                      role="button"
                    >
                      <div>
                        Week 7: Computer Science With Javascript II: Deeper Dive
                      </div>
                      <i
                        class="accordions-derective-icon pull-right
                  fa fa-plus
                "
                      />
                    </a>
                  </h4>
                </div>
                <div
                  aria-hidden="true"
                  aria-labelledby="heading6"
                  role="tabpanel"
                  style="padding: 0px 15px;"
                />
              </div>
              <div
                class="panel panel-default "
              >
                <div
                  class="panel-heading"
                  id="heading7"
                  role="tab"
                >
                  <h4
                    class="panel-title"
                  >
                    <a
                      aria-controls="collapse7"
                      aria-expanded="false"
                      class="collapsed"
                      data-parent="#syllabus"
                      data-toggle="collapse"
                      role="button"
                    >
                      <div>
                        Week 8: Data Visualization
                      </div>
                      <i
                        class="accordions-derective-icon pull-right
                  fa fa-plus
                "
                      />
                    </a>
                  </h4>
                </div>
                <div
                  aria-hidden="true"
                  aria-labelledby="heading7"
                  role="tabpanel"
                  style="padding: 0px 15px;"
                />
              </div>
              <div
                class="panel panel-default "
              >
                <div
                  class="panel-heading"
                  id="heading8"
                  role="tab"
                >
                  <h4
                    class="panel-title"
                  >
                    <a
                      aria-controls="collapse8"
                      aria-expanded="false"
                      class="collapsed"
                      data-parent="#syllabus"
                      data-toggle="collapse"
                      role="button"
                    >
                      <div>
                        Week 9: Node.js Express and Socket.io
                      </div>
                      <i
                        class="accordions-derective-icon pull-right
                  fa fa-plus
                "
                      />
                    </a>
                  </h4>
                </div>
                <div
                  aria-hidden="true"
                  aria-labelledby="heading8"
                  role="tabpanel"
                  style="padding: 0px 15px;"
                />
              </div>
              <div
                class="panel panel-default "
              >
                <div
                  class="panel-heading"
                  id="heading9"
                  role="tab"
                >
                  <h4
                    class="panel-title"
                  >
                    <a
                      aria-controls="collapse9"
                      aria-expanded="false"
                      class="collapsed"
                      data-parent="#syllabus"
                      data-toggle="collapse"
                      role="button"
                    >
                      <div>
                        Week 10: Node, Express and Socket.io II
                      </div>
                      <i
                        class="accordions-derective-icon pull-right
                  fa fa-plus
                "
                      />
                    </a>
                  </h4>
                </div>
                <div
                  aria-hidden="true"
                  aria-labelledby="heading9"
                  role="tabpanel"
                  style="padding: 0px 15px;"
                />
              </div>
              <div
                class="panel panel-default "
              >
                <div
                  class="panel-heading"
                  id="heading10"
                  role="tab"
                >
                  <h4
                    class="panel-title"
                  >
                    <a
                      aria-controls="collapse10"
                      aria-expanded="false"
                      class="collapsed"
                      data-parent="#syllabus"
                      data-toggle="collapse"
                      role="button"
                    >
                      <div>
                        Week 11: React
                      </div>
                      <i
                        class="accordions-derective-icon pull-right
                  fa fa-plus
                "
                      />
                    </a>
                  </h4>
                </div>
                <div
                  aria-hidden="true"
                  aria-labelledby="heading10"
                  role="tabpanel"
                  style="padding: 0px 15px;"
                />
              </div>
              <div
                class="panel panel-default "
              >
                <div
                  class="panel-heading"
                  id="heading11"
                  role="tab"
                >
                  <h4
                    class="panel-title"
                  >
                    <a
                      aria-controls="collapse11"
                      aria-expanded="false"
                      class="collapsed"
                      data-parent="#syllabus"
                      data-toggle="collapse"
                      role="button"
                    >
                      <div>
                        Week 12: React II
                      </div>
                      <i
                        class="accordions-derective-icon pull-right
                  fa fa-plus
                "
                      />
                    </a>
                  </h4>
                </div>
                <div
                  aria-hidden="true"
                  aria-labelledby="heading11"
                  role="tabpanel"
                  style="padding: 0px 15px;"
                />
              </div>
              <div
                class="panel panel-default "
              >
                <div
                  class="panel-heading"
                  id="heading12"
                  role="tab"
                >
                  <h4
                    class="panel-title"
                  >
                    <a
                      aria-controls="collapse12"
                      aria-expanded="false"
                      class="collapsed"
                      data-parent="#syllabus"
                      data-toggle="collapse"
                      role="button"
                    >
                      <div>
                        Week 13: Interview Prep I
                      </div>
                      <i
                        class="accordions-derective-icon pull-right
                  fa fa-plus
                "
                      />
                    </a>
                  </h4>
                </div>
                <div
                  aria-hidden="true"
                  aria-labelledby="heading12"
                  role="tabpanel"
                  style="padding: 0px 15px;"
                />
              </div>
              <div
                class="panel panel-default "
              >
                <div
                  class="panel-heading"
                  id="heading13"
                  role="tab"
                >
                  <h4
                    class="panel-title"
                  >
                    <a
                      aria-controls="collapse13"
                      aria-expanded="false"
                      class="collapsed"
                      data-parent="#syllabus"
                      data-toggle="collapse"
                      role="button"
                    >
                      <div>
                        Week 14: Interview Prep II
                      </div>
                      <i
                        class="accordions-derective-icon pull-right
                  fa fa-plus
                "
                      />
                    </a>
                  </h4>
                </div>
                <div
                  aria-hidden="true"
                  aria-labelledby="heading13"
                  role="tabpanel"
                  style="padding: 0px 15px;"
                />
              </div>
            </div>
          </div>
        </div>
      </div>
    </section>
    gatsby-link
    <div>
      <section
        class="footer-widgets pad-extra"
      >
        <div
          class="container"
        >
          <div
            class="row"
          >
            <div
              class="col-md-4"
            >
              <div
                class="widgets-content footer-widget-wrap"
              >
                <h3
                  class="widgets-title"
                >
                  About #VetsWhoCode
                </h3>
                <p>
                  FRAGO, doing business as #VetsWhoCode, is an exempt organization as described in Section 501(c)(3) of the Internal Revenue Code. Our EIN is 47-3555231.
                </p>
                <div
                  class="footer-social"
                >
                  <a
                    aria-label="Facebook"
                    href="http://bit.ly/vetswhocode-fb"
                  >
                    <i
                      class="fa fa-facebook-f"
                    />
                  </a>
                  <a
                    aria-label="Twitter"
                    href="http://bit.ly/vets-who-code-twitter"
                  >
                    <i
                      class="fa fa-twitter"
                    />
                  </a>
                  <a
                    aria-label="Codepen"
                    href="http://bit.ly/2omsjdX"
                  >
                    <i
                      class="fa fa-codepen"
                    />
                  </a>
                  <a
                    aria-label="Instagram"
                    href="https://bit.ly/2sJ6W9f"
                  >
                    <i
                      class="fa fa-instagram"
                    />
                  </a>
                  <a
                    aria-label="Linkedin"
                    href="https://bit.ly/2sFKi1u"
                  >
                    <i
                      class="fa fa-linkedin"
                    />
                  </a>
                  <a
                    aria-label="Github"
                    href="http://bit.ly/vwc-github"
                  >
                    <i
                      class="fa fa-github"
                    />
                  </a>
                </div>
              </div>
            </div>
            <div
              class="col-md-4"
            >
              <div
                class="footer-widget-wrap"
              >
                <div
                  class="row"
                >
                  <div
                    class="col-md-11 col-md-offset-1"
                  >
                    <h3
                      class="widgets-title"
                    >
                      Site Map
                    </h3>
                  </div>
                  <div
                    class="col-md-5 col-md-offset-1"
                  >
                    <div
                      class="widgets-content"
                    >
                      <ul
                        class="widgets-list"
                      >
                        <li>
                          <a
                            aria-current="page"
                            class=""
                            href="/"
                          >
                            Home
                          </a>
                        </li>
                        <li>
                          <a
                            href="/about"
                          >
                            About
                          </a>
                        </li>
                        <li>
                          <a
                            href="/syllabus"
                          >
                            Syllabus
                          </a>
                        </li>
                        <li>
                          <a
                            href="/mentor"
                          >
                            Mentor
                          </a>
                        </li>
                      </ul>
                    </div>
                  </div>
                  <div
                    class="col-md-6"
                  >
                    <div
                      class="widgets-content"
                    >
                      <ul
                        class="widgets-list"
                      >
                        <li>
                          <a
                            href="/apply"
                          >
                            Apply
                          </a>
                        </li>
                        <li>
                          <a
                            href="/donate"
                          >
                            Donate
                          </a>
                        </li>
                        <li>
                          <a
                            href="/contact"
                          >
                            Contact Us
                          </a>
                        </li>
                        <li>
                          <a
                            href="https://medium.com/vets-who-code"
                            rel="noopener noreferrer"
                            target="_blank"
                          >
                            <span>
                              Blog
                            </span>
                          </a>
                        </li>
                      </ul>
                    </div>
                  </div>
                </div>
              </div>
            </div>
            <div
              class="col-md-4"
            >
              <div
                class="widgets-content"
              >
                <h3
                  class="widgets-title"
                >
                  Contact Us
                </h3>
                <div
                  class="office map"
                >
                  <p>
                    <span>
                      Hi, if you have any questions, please drop us a line.
                    </span>
                    <br />
                    Email: hello@vetswhocode.io
                    <br />
                    Phone: (917) 960-3806
                  </p>
                </div>
              </div>
            </div>
          </div>
        </div>
      </section>
      <footer
        class="section footer"
        id="footer"
      >
        <div
          class="container"
        >
          <div
            class="row"
          >
            <div
              class="col-md-6 col-sm-6"
            >
              <p
                class="copyright"
              >
                <span
                  class="fa fa-copyright"
                />
                 #VetsWhoCode
              </p>
            </div>
            <div
              class="col-md-6 col-sm-6"
            >
              <ul
                class="footer-menu"
              >
                <li>
                  Made with 
                  <span
                    class="fa fa-heart red"
                  />
                   By #VetsWhoCode.
                </li>
              </ul>
            </div>
          </div>
        </div>
      </footer>
    </div>
  </main>
</div>
`;
