// Jest Snapshot v1, https://goo.gl/fbAQLP

exports[`<CodePNG /> should render correctly 1`] = `
<div
  class=" gatsby-image-wrapper"
  style="overflow: hidden; left: 0px; top: 0px; width: 690px; max-height: 100%;"
>
  <div
    style="width: 100%; padding-bottom: 0.16666666666666666%;"
  />
  
  <picture>
    <source
      sizes=""
      srcset="some-source-here"
    />
    <img
      alt=""
      src="some-source-here"
      style="position: absolute; top: 0px; left: 0px; width: 100%; height: 100%; opacity: 1;"
    />
  </picture>
  <noscript>
    &lt;picture&gt;&lt;source srcSet="some-source-here" /&gt;&lt;img src="some-source-here" alt="" style="position:absolute;top:0;left:0;transition:opacity 0.5s;transition-delay:0.5s;opacity:1;width:100%;height:100%;object-fit:cover;object-position:center"/&gt;&lt;/picture&gt;
  </noscript>
</div>
`;
