// Jest Snapshot v1, https://goo.gl/fbAQLP

exports[`<Nav /> should render correctly 1`] = `
<nav
  class="navbar navbar-fixed-top main-navigation navbar-solid"
  id="fixedTopNav"
  itemtype="https://schema.org/SiteNavigationElement"
  role="navigation"
  style="opacity: 0.9;"
>
  <div
    class="container"
  >
    <div
      class="navbar-header"
    >
      <div
        class="navbar-brand"
        itemtype="https://schema.org/Organization"
        style="padding: 5px 15px 5px;"
      >
        <span
          class="sr-only"
        >
          #VetsWhoCode
        </span>
        <a
          aria-current="page"
          class=""
          href="/"
        >
          static-query
          <div
            class="homeLink"
          >
            VetsWhoCode
          </div>
        </a>
      </div>
      <button
        aria-expanded="false"
        class="navbar-toggle collapsed hamburger "
        id="hamburger-1"
        type="button"
      >
        <span
          class="line"
        />
        <span
          class="line"
        />
        <span
          class="line"
        />
        <span
          class="sr-only"
        >
          #VetsWhoCode
        </span>
      </button>
    </div>
    <div
      aria-expanded="false"
      class="navbar-collapse collapse "
      id="main-nav-collapse"
    >
      <ul
        class="nav navbar-nav navbar-right"
        role="menu"
      >
        <li
          role="menuitem"
        >
          <a
            aria-current="page"
            class=""
            href="/"
          >
            <span>
              Home
            </span>
          </a>
        </li>
        <li
          role="menuitem"
        >
           
          <a
            href="/about"
          >
            <span>
              About
            </span>
          </a>
        </li>
        <li
          role="menuitem"
        >
           
          <a
            href="/syllabus"
          >
            <span>
              Syllabus
            </span>
          </a>
        </li>
        <li
          role="menuitem"
        >
          <a
            href="/mentor"
          >
            <span>
              Mentor
            </span>
          </a>
        </li>
        <li
          role="menuitem"
        >
          <a
            href="/apply"
          >
            <span>
              Apply
            </span>
          </a>
        </li>
        <li
          role="menuitem"
        >
          <a
            href="/donate"
          >
            <span>
              Donate
            </span>
          </a>
        </li>
        <li
          role="menuitem"
        >
          <a
            href="/contact"
          >
            <span>
              Contact Us
            </span>
          </a>
        </li>
        <li
          role="menuitem"
        >
          <a
            href="https://medium.com/vets-who-code"
            rel="noopener noreferrer"
            target="_blank"
            without="true"
          >
            <span>
              Blog
            </span>
          </a>
        </li>
      </ul>
    </div>
  </div>
</nav>
`;
